{
  "$schema": "/frontend/page-schema.json",
  "title": "Page with only internal docs",
  "template": "page",
  "class": "twoColumns",
  "items": [
    {
      "label": "Release Notes",
      "class": "subject releaseNotes",
      "items": [
        {
          "label": "Guidewire Cloud Platform Release Notes",
          "id": "supersecretgwcloudplatformreleasenotes",
          "public": false,
          "internal": true
        }
      ]
    },
    {
      "label": "Getting Started",
      "class": "subject featuresAndFunctionality",
      "items": [
        {
          "label": "Working with Guidewire Cloud Platform",
          "id": "supersecretcloudplatform",
          "public": false,
          "internal": true
        }
      ]
    },
    {
      "label": "Authentication",
      "class": "subject configuration",
      "items": [
        {
          "label": "Authentication with Guidewire Identity Federation Hub",
          "id": "supersecretgwidentityfederationhub",
          "public": false,
          "internal": true
        }
      ]
    }
  ],
  "public": false,
  "internal": true
}
