{
  "docs": [
    {
      "id": "cloudplatformdraft",
      "title": "Cloud Platform Draft",
      "url": "cloud/gwcp/latest",
      "metadata": {
        "platform": ["Cloud"],
        "product": ["Guidewire Cloud Platform"],
        "version": ["latest"],
        "release": ["Aspen", "Banff", "Cortina", "Dobson"]
      },
      "environments": ["int"],
      "displayOnLandingPages": true,
      "indexForSearch": true,
      "public": false,
      "internal": false
    },
    {
      "id": "isbccloudeaadmin",
      "title": "Administration",
      "url": "cloud/bc/ea/admin",
      "metadata": {
        "platform": ["Cloud"],
        "product": ["BillingCenter"],
        "version": ["earlyaccess"],
        "release": ["Dobson"],
        "subject": ["Administration"]
      },
      "environments": ["int"],
      "displayOnLandingPages": true,
      "indexForSearch": true,
      "public": false,
      "internal": false
    },
    {
      "id": "isbccloudeaapp",
      "title": "Application Guide",
      "url": "cloud/bc/ea/app",
      "metadata": {
        "platform": ["Cloud"],
        "product": ["BillingCenter"],
        "version": ["earlyaccess"],
        "release": ["Dobson"],
        "subject": ["Features and functionality"]
      },
      "environments": ["int"],
      "displayOnLandingPages": true,
      "indexForSearch": true,
      "public": false,
      "internal": false
    },
    {
      "id": "isbccloudeabestpractice",
      "title": "Best Practices",
      "url": "cloud/bc/ea/bestpractice",
      "metadata": {
        "platform": ["Cloud"],
        "product": ["BillingCenter"],
        "version": ["earlyaccess"],
        "release": ["Dobson"],
        "subject": ["Best practices"]
      },
      "environments": ["int"],
      "displayOnLandingPages": true,
      "indexForSearch": true,
      "public": false,
      "internal": false
    },
    {
      "id": "isbccloudeaconfig",
      "title": "Configuration",
      "url": "cloud/bc/ea/config",
      "metadata": {
        "platform": ["Cloud"],
        "product": ["BillingCenter"],
        "version": ["earlyaccess"],
        "release": ["Dobson"],
        "subject": ["Configuration"]
      },
      "environments": ["int"],
      "displayOnLandingPages": true,
      "indexForSearch": true,
      "public": false,
      "internal": false
    },
    {
      "id": "isbccloudeaglobal",
      "title": "Globalization",
      "url": "cloud/bc/ea/global",
      "metadata": {
        "platform": ["Cloud"],
        "product": ["BillingCenter"],
        "version": ["earlyaccess"],
        "release": ["Dobson"],
        "subject": ["Configuration"]
      },
      "environments": ["int"],
      "displayOnLandingPages": true,
      "indexForSearch": true,
      "public": false,
      "internal": false
    },
    {
      "id": "isbccloudeainstall",
      "title": "Installation",
      "url": "cloud/bc/ea/installation",
      "metadata": {
        "platform": ["Cloud"],
        "product": ["BillingCenter"],
        "version": ["earlyaccess"],
        "release": ["Dobson"],
        "subject": ["Installation"]
      },
      "environments": ["int"],
      "displayOnLandingPages": true,
      "indexForSearch": true,
      "public": false,
      "internal": false
    },
    {
      "id": "isbccloudeainteg",
      "title": "Integration",
      "url": "cloud/bc/ea/integration",
      "metadata": {
        "platform": ["Cloud"],
        "product": ["BillingCenter"],
        "version": ["earlyaccess"],
        "release": ["Dobson"],
        "subject": ["Integration"]
      },
      "environments": ["int"],
      "displayOnLandingPages": true,
      "indexForSearch": true,
      "public": false,
      "internal": false
    },
    {
      "id": "isbccloudeanewandchanged",
      "title": "New and Changed",
      "url": "cloud/bc/ea/newandchanged",
      "metadata": {
        "platform": ["Cloud"],
        "product": ["BillingCenter"],
        "version": ["earlyaccess"],
        "release": ["Dobson"],
        "subject": ["Release notes"]
      },
      "environments": ["int"],
      "displayOnLandingPages": true,
      "indexForSearch": true,
      "public": false,
      "internal": false
    },
    {
      "id": "isbccloudeareleasenotes",
      "title": "Release Notes",
      "url": "cloud/bc/ea/releasenotes",
      "metadata": {
        "platform": ["Cloud"],
        "product": ["BillingCenter"],
        "version": ["earlyaccess"],
        "release": ["Dobson"],
        "subject": ["Release notes"]
      },
      "environments": ["int"],
      "displayOnLandingPages": true,
      "indexForSearch": true,
      "public": false,
      "internal": false
    },
    {
      "id": "isbccloudearules",
      "title": "Rules",
      "url": "cloud/bc/ea/rules",
      "metadata": {
        "platform": ["Cloud"],
        "product": ["BillingCenter"],
        "version": ["earlyaccess"],
        "release": ["Dobson"],
        "subject": ["Configuration"]
      },
      "environments": ["int"],
      "displayOnLandingPages": true,
      "indexForSearch": true,
      "public": false,
      "internal": false
    },
    {
      "id": "isbccloudeatesting",
      "title": "ISBTF and GUnit Testing",
      "url": "cloud/bc/ea/testing",
      "metadata": {
        "platform": ["Cloud"],
        "product": ["BillingCenter"],
        "version": ["earlyaccess"],
        "release": ["Dobson"],
        "subject": ["Development"]
      },
      "environments": ["int"],
      "displayOnLandingPages": true,
      "indexForSearch": true,
      "public": false,
      "internal": false
    },
    {
      "id": "isbccloudeaupgrade",
      "title": "Upgrade",
      "url": "cloud/bc/ea/upgrade",
      "metadata": {
        "platform": ["Cloud"],
        "product": ["BillingCenter"],
        "version": ["earlyaccess"],
        "release": ["Dobson"],
        "subject": ["Installation"]
      },
      "environments": ["int", "staging"],
      "displayOnLandingPages": true,
      "indexForSearch": true,
      "public": false,
      "internal": false
    },
    {
      "id": "iscccloudeaadmin",
      "title": "Administration",
      "url": "cloud/cc/ea/admin",
      "metadata": {
        "platform": ["Cloud"],
        "product": ["ClaimCenter"],
        "version": ["earlyaccess"],
        "release": ["Dobson"],
        "subject": ["Administration"]
      },
      "environments": ["int"],
      "displayOnLandingPages": true,
      "indexForSearch": true,
      "public": false,
      "internal": false
    },
    {
      "id": "iscccloudeaapp",
      "title": "Application Guide",
      "url": "cloud/cc/ea/app",
      "metadata": {
        "platform": ["Cloud"],
        "product": ["ClaimCenter"],
        "version": ["earlyaccess"],
        "release": ["Dobson"],
        "subject": ["Features and functionality"]
      },
      "environments": ["int"],
      "displayOnLandingPages": true,
      "indexForSearch": true,
      "public": false,
      "internal": false
    },
    {
      "id": "iscccloudeabestpractice",
      "title": "Best Practices",
      "url": "cloud/cc/ea/bestpractice",
      "metadata": {
        "platform": ["Cloud"],
        "product": ["ClaimCenter"],
        "version": ["earlyaccess"],
        "release": ["Dobson"],
        "subject": ["Best practices"]
      },
      "environments": ["int"],
      "displayOnLandingPages": true,
      "indexForSearch": true,
      "public": false,
      "internal": false
    },
    {
      "id": "iscccloudeacloudapi",
      "title": "Cloud API Developer Guide",
      "url": "cloud/cc/ea/cloudapi",
      "metadata": {
        "platform": ["Cloud"],
        "product": ["ClaimCenter"],
        "version": ["earlyaccess"],
        "release": ["Dobson"],
        "subject": ["Integration"]
      },
      "environments": ["int"],
      "displayOnLandingPages": true,
      "indexForSearch": true,
      "public": false,
      "internal": false
    },
    {
      "id": "iscccloudeaconfig",
      "title": "Configuration",
      "url": "cloud/cc/ea/config",
      "metadata": {
        "platform": ["Cloud"],
        "product": ["ClaimCenter"],
        "version": ["earlyaccess"],
        "release": ["Dobson"],
        "subject": ["Configuration"]
      },
      "environments": ["int"],
      "displayOnLandingPages": true,
      "indexForSearch": true,
      "public": false,
      "internal": false
    },
    {
      "id": "iscccloudeaglobal",
      "title": "Globalization",
      "url": "cloud/cc/ea/global",
      "metadata": {
        "platform": ["Cloud"],
        "product": ["ClaimCenter"],
        "version": ["earlyaccess"],
        "release": ["Dobson"],
        "subject": ["Configuration"]
      },
      "environments": ["int"],
      "displayOnLandingPages": true,
      "indexForSearch": true,
      "public": false,
      "internal": false
    },
    {
      "id": "iscccloudeainstall",
      "title": "Installation",
      "url": "cloud/cc/ea/installation",
      "metadata": {
        "platform": ["Cloud"],
        "product": ["ClaimCenter"],
        "version": ["earlyaccess"],
        "release": ["Dobson"],
        "subject": ["Installation"]
      },
      "environments": ["int"],
      "displayOnLandingPages": true,
      "indexForSearch": true,
      "public": false,
      "internal": false
    },
    {
      "id": "iscccloudeainteg",
      "title": "Integration",
      "url": "cloud/cc/ea/integration",
      "metadata": {
        "platform": ["Cloud"],
        "product": ["ClaimCenter"],
        "version": ["earlyaccess"],
        "release": ["Dobson"],
        "subject": ["Integration"]
      },
      "environments": ["int"],
      "displayOnLandingPages": true,
      "indexForSearch": true,
      "public": false,
      "internal": false
    },
    {
      "id": "iscccloudeanewandchanged",
      "title": "New and Changed",
      "url": "cloud/cc/ea/newandchanged",
      "metadata": {
        "platform": ["Cloud"],
        "product": ["ClaimCenter"],
        "version": ["earlyaccess"],
        "release": ["Dobson"],
        "subject": ["Release notes"]
      },
      "environments": ["int"],
      "displayOnLandingPages": true,
      "indexForSearch": true,
      "public": false,
      "internal": false
    },
    {
      "id": "iscccloudeareleasenotes",
      "title": "Release Notes",
      "url": "cloud/cc/ea/releasenotes",
      "metadata": {
        "platform": ["Cloud"],
        "product": ["ClaimCenter"],
        "version": ["earlyaccess"],
        "release": ["Dobson"],
        "subject": ["Release notes"]
      },
      "environments": ["int"],
      "displayOnLandingPages": true,
      "indexForSearch": true,
      "public": false,
      "internal": false
    },
    {
      "id": "iscccloudearestapifw",
      "title": "REST API Framework",
      "url": "cloud/cc/ea/restapiframework",
      "metadata": {
        "platform": ["Cloud"],
        "product": ["ClaimCenter"],
        "version": ["earlyaccess"],
        "release": ["Dobson"],
        "subject": ["Integration"]
      },
      "environments": ["int"],
      "displayOnLandingPages": true,
      "indexForSearch": true,
      "public": false,
      "internal": false
    },
    {
      "id": "iscccloudearules",
      "title": "Rules",
      "url": "cloud/cc/ea/rules",
      "metadata": {
        "platform": ["Cloud"],
        "product": ["ClaimCenter"],
        "version": ["earlyaccess"],
        "release": ["Dobson"],
        "subject": ["Configuration"]
      },
      "environments": ["int"],
      "displayOnLandingPages": true,
      "indexForSearch": true,
      "public": false,
      "internal": false
    },
    {
      "id": "iscccloudeatesting",
      "title": "ISBTF and GUnit Testing",
      "url": "cloud/cc/ea/testing",
      "metadata": {
        "platform": ["Cloud"],
        "product": ["ClaimCenter"],
        "version": ["earlyaccess"],
        "release": ["Dobson"],
        "subject": ["Development"]
      },
      "environments": ["int"],
      "displayOnLandingPages": true,
      "indexForSearch": true,
      "public": false,
      "internal": false
    },
    {
      "id": "iscccloudeaupgrade",
      "title": "Upgrade",
      "url": "cloud/cc/ea/upgrade",
      "metadata": {
        "platform": ["Cloud"],
        "product": ["ClaimCenter"],
        "version": ["earlyaccess"],
        "release": ["Dobson"],
        "subject": ["Installation"]
      },
      "environments": ["int", "staging"],
      "displayOnLandingPages": true,
      "indexForSearch": true,
      "public": false,
      "internal": false
    },
    {
      "id": "iscloudeacontact",
      "title": "Contact Management",
      "url": "cloud/is/ea/contact",
      "metadata": {
        "platform": ["Cloud"],
        "product": ["BillingCenter", "ClaimCenter", "PolicyCenter"],
        "version": ["earlyaccess"],
        "release": ["Dobson"],
        "subject": ["Features and functionality"]
      },
      "environments": ["int"],
      "displayOnLandingPages": true,
      "indexForSearch": true,
      "public": false,
      "internal": false
    },
    {
      "id": "iscloudeagosu",
      "title": "Gosu Reference",
      "url": "cloud/is/ea/gosu",
      "metadata": {
        "platform": ["Cloud"],
        "product": ["BillingCenter", "ClaimCenter", "PolicyCenter"],
        "version": ["earlyaccess"],
        "release": ["Dobson"],
        "subject": ["Development"]
      },
      "environments": ["int"],
      "displayOnLandingPages": true,
      "indexForSearch": true,
      "public": false,
      "internal": false
    },
    {
      "id": "ispccloudeaadmin",
      "title": "Administration",
      "url": "cloud/pc/ea/admin",
      "metadata": {
        "platform": ["Cloud"],
        "product": ["PolicyCenter"],
        "version": ["earlyaccess"],
        "release": ["Dobson"],
        "subject": ["Administration"]
      },
      "environments": ["int"],
      "displayOnLandingPages": true,
      "indexForSearch": true,
      "public": false,
      "internal": false
    },
    {
      "id": "ispccloudeaapd",
      "title": "Advanced Product Designer",
      "url": "cloud/pc/ea/apd",
      "metadata": {
        "platform": ["Cloud"],
        "product": ["PolicyCenter"],
        "version": ["earlyaccess"],
        "release": ["Dobson"],
        "subject": ["Configuration"]
      },
      "environments": ["int"],
      "displayOnLandingPages": true,
      "indexForSearch": true,
      "public": false,
      "internal": false
    },
    {
      "id": "ispccloudeaapp",
      "title": "Application Guide",
      "url": "cloud/pc/ea/app",
      "metadata": {
        "platform": ["Cloud"],
        "product": ["PolicyCenter"],
        "version": ["earlyaccess"],
        "release": ["Dobson"],
        "subject": ["Features and functionality"]
      },
      "environments": ["int"],
      "displayOnLandingPages": true,
      "indexForSearch": true,
      "public": false,
      "internal": false
    },
    {
      "id": "ispccloudeabestpractice",
      "title": "Best Practices",
      "url": "cloud/pc/ea/bestpractice",
      "metadata": {
        "platform": ["Cloud"],
        "product": ["PolicyCenter"],
        "version": ["earlyaccess"],
        "release": ["Dobson"],
        "subject": ["Best practices"]
      },
      "environments": ["int"],
      "displayOnLandingPages": true,
      "indexForSearch": true,
      "public": false,
      "internal": false
    },
    {
      "id": "ispccloudeacloudapi",
      "title": "Cloud API Developer Guide",
      "url": "cloud/pc/ea/cloudapi",
      "metadata": {
        "platform": ["Cloud"],
        "product": ["PolicyCenter"],
        "version": ["earlyaccess"],
        "release": ["Dobson"],
        "subject": ["Integration"]
      },
      "environments": ["int"],
      "displayOnLandingPages": true,
      "indexForSearch": true,
      "public": false,
      "internal": false
    },
    {
      "id": "ispccloudeaconfig",
      "title": "Configuration",
      "url": "cloud/pc/ea/config",
      "metadata": {
        "platform": ["Cloud"],
        "product": ["PolicyCenter"],
        "version": ["earlyaccess"],
        "release": ["Dobson"],
        "subject": ["Configuration"]
      },
      "environments": ["int"],
      "displayOnLandingPages": true,
      "indexForSearch": true,
      "public": false,
      "internal": false
    },
    {
      "id": "ispccloudeaglobal",
      "title": "Globalization",
      "url": "cloud/pc/ea/global",
      "metadata": {
        "platform": ["Cloud"],
        "product": ["PolicyCenter"],
        "version": ["earlyaccess"],
        "release": ["Dobson"],
        "subject": ["Configuration"]
      },
      "environments": ["int"],
      "displayOnLandingPages": true,
      "indexForSearch": true,
      "public": false,
      "internal": false
    },
    {
      "id": "ispccloudeainstall",
      "title": "Installation",
      "url": "cloud/pc/ea/installation",
      "metadata": {
        "platform": ["Cloud"],
        "product": ["PolicyCenter"],
        "version": ["earlyaccess"],
        "release": ["Dobson"],
        "subject": ["Installation"]
      },
      "environments": ["int"],
      "displayOnLandingPages": true,
      "indexForSearch": true,
      "public": false,
      "internal": false
    },
    {
      "id": "ispccloudeainteg",
      "title": "Integration",
      "url": "cloud/pc/ea/integration",
      "metadata": {
        "platform": ["Cloud"],
        "product": ["PolicyCenter"],
        "version": ["earlyaccess"],
        "release": ["Dobson"],
        "subject": ["Integration"]
      },
      "environments": ["int"],
      "displayOnLandingPages": true,
      "indexForSearch": true,
      "public": false,
      "internal": false
    },
    {
      "id": "ispccloudeanewandchanged",
      "title": "New and Changed",
      "url": "cloud/pc/ea/newandchanged",
      "metadata": {
        "platform": ["Cloud"],
        "product": ["PolicyCenter"],
        "version": ["earlyaccess"],
        "release": ["Dobson"],
        "subject": ["Release notes"]
      },
      "environments": ["int"],
      "displayOnLandingPages": true,
      "indexForSearch": true,
      "public": false,
      "internal": false
    },
    {
      "id": "ispccloudeapd",
      "title": "Product Designer",
      "url": "cloud/pc/ea/pd",
      "metadata": {
        "platform": ["Cloud"],
        "product": ["PolicyCenter"],
        "version": ["earlyaccess"],
        "release": ["Dobson"],
        "subject": ["Configuration"]
      },
      "environments": ["int"],
      "displayOnLandingPages": true,
      "indexForSearch": true,
      "public": false,
      "internal": false
    },
    {
      "id": "ispccloudeapm",
      "title": "Product Model",
      "url": "cloud/pc/ea/productmodel",
      "metadata": {
        "platform": ["Cloud"],
        "product": ["PolicyCenter"],
        "version": ["earlyaccess"],
        "release": ["Dobson"],
        "subject": ["Configuration"]
      },
      "environments": ["int"],
      "displayOnLandingPages": true,
      "indexForSearch": true,
      "public": false,
      "internal": false
    },
    {
      "id": "ispccloudeareleasenotes",
      "title": "Release Notes",
      "url": "cloud/pc/ea/releasenotes",
      "metadata": {
        "platform": ["Cloud"],
        "product": ["PolicyCenter"],
        "version": ["earlyaccess"],
        "release": ["Dobson"],
        "subject": ["Release notes"]
      },
      "environments": ["int"],
      "displayOnLandingPages": true,
      "indexForSearch": true,
      "public": false,
      "internal": false
    },
    {
      "id": "ispccloudearestapifw",
      "title": "REST API Framework",
      "url": "cloud/pc/ea/restapiframework",
      "metadata": {
        "platform": ["Cloud"],
        "product": ["PolicyCenter"],
        "version": ["earlyaccess"],
        "release": ["Dobson"],
        "subject": ["Integration"]
      },
      "environments": ["int"],
      "displayOnLandingPages": true,
      "indexForSearch": true,
      "public": false,
      "internal": false
    },
    {
      "id": "ispccloudearules",
      "title": "Rules",
      "url": "cloud/pc/ea/rules",
      "metadata": {
        "platform": ["Cloud"],
        "product": ["PolicyCenter"],
        "version": ["earlyaccess"],
        "release": ["Dobson"],
        "subject": ["Configuration"]
      },
      "environments": ["int"],
      "displayOnLandingPages": true,
      "indexForSearch": true,
      "public": false,
      "internal": false
    },
    {
      "id": "ispccloudeatesting",
      "title": "ISBTF and GUnit Testing",
      "url": "cloud/pc/ea/testing",
      "metadata": {
        "platform": ["Cloud"],
        "product": ["PolicyCenter"],
        "version": ["earlyaccess"],
        "release": ["Dobson"],
        "subject": ["Development"]
      },
      "environments": ["int"],
      "displayOnLandingPages": true,
      "indexForSearch": true,
      "public": false,
      "internal": false
    },
    {
      "id": "ispccloudeaupgrade",
      "title": "Upgrade",
      "url": "cloud/pc/ea/upgrade",
      "metadata": {
        "platform": ["Cloud"],
        "product": ["PolicyCenter"],
        "version": ["earlyaccess"],
        "release": ["Dobson"],
        "subject": ["Installation"]
      },
      "environments": ["int", "staging"],
      "displayOnLandingPages": true,
      "indexForSearch": true,
      "public": false,
      "internal": false
    },
    {
      "id": "selfmanagedbcupgradeguide10x",
      "title": "BillingCenter Upgrade Guide",
      "url": "self-managed/bc/upgrade/10x",
      "displayOnLandingPages": false,
      "metadata": {
        "product": ["BillingCenter"],
        "platform": ["Self-managed"],
        "version": ["10.x"]
      },
      "environments": ["int"],
      "indexForSearch": true,
      "public": false,
      "internal": false
    },
    {
      "id": "selfmanagedbcupgradetools1x",
      "title": "BillingCenter Upgrade Guide",
      "url": "self-managed/bc/upgrade/1x",
      "displayOnLandingPages": false,
      "metadata": {
        "product": ["BillingCenter"],
        "platform": ["Self-managed"],
        "version": ["9.x"]
      },
      "environments": ["int"],
      "indexForSearch": true,
      "public": false,
      "internal": false
    },
    {
      "id": "selfmanagedccupgradeguide10x",
      "title": "ClaimCenter Upgrade Guide",
      "url": "self-managed/cc/upgrade/10x",
      "displayOnLandingPages": false,
      "metadata": {
        "product": ["ClaimCenter"],
        "platform": ["Self-managed"],
        "version": ["10.x"]
      },
      "environments": ["int"],
      "indexForSearch": true,
      "public": false,
      "internal": false
    },
    {
      "id": "selfmanagedccupgradetools1x",
      "title": "ClaimCenter Upgrade Guide",
      "url": "self-managed/cc/upgrade/1x",
      "displayOnLandingPages": false,
      "metadata": {
        "product": ["ClaimCenter"],
        "platform": ["Self-managed"],
        "version": ["9.x"]
      },
      "environments": ["int"],
      "indexForSearch": true,
      "public": false,
      "internal": false
    },
    {
      "id": "selfmanagedpcupgradeguide10x",
      "title": "PolicyCenter Upgrade Guide",
      "url": "self-managed/pc/upgrade/10x",
      "displayOnLandingPages": false,
      "metadata": {
        "product": ["PolicyCenter"],
        "platform": ["Self-managed"],
        "version": ["10.x"]
      },
      "environments": ["int"],
      "indexForSearch": true,
      "public": false,
      "internal": false
    },
    {
      "id": "selfmanagedpcupgradetools1x",
      "title": "PolicyCenter Upgrade Guide",
      "url": "self-managed/pc/upgrade/1x",
      "displayOnLandingPages": false,
      "metadata": {
        "product": ["PolicyCenter"],
        "platform": ["Self-managed"],
        "version": ["9.x"]
      },
      "environments": ["int"],
      "indexForSearch": true,
      "public": false,
      "internal": false
    },
    {
      "id": "standardsdraft",
      "title": "Guidewire Cloud Standards",
      "url": "cloud/standards/latest",
      "metadata": {
        "product": ["Guidewire Cloud Standards"],
        "platform": ["Cloud"],
        "version": ["draft"],
        "release": ["Aspen", "Banff", "Cortina"]
      },
      "environments": ["int"],
      "displayOnLandingPages": true,
      "indexForSearch": true,
      "public": false,
      "internal": false
    }
  ]
}
