{
  "paths": [
    "Aspen.json",
    "Banff.json"
  ]
}