{"doc_id": "isbccloudlatest", "origin_url": "No origin URL", "url": "http://localhost/cloud/bc/latest"}
{"doc_id": "ispccloudlatest", "origin_url": "No origin URL", "url": "http://localhost/cloud/pc/latest"}
{"doc_id": "iscccloudlatest", "origin_url": "No origin URL", "url": "http://localhost/cloud/cc/latest"}