{
  "$schema": "/frontend/page-schema.json",
  "title": "Automated redirect",
  "class": "",
  "template": "redirect",
  "items": [
    {
      "label": "cloudNotPublic",
      "page": "cloudProductsNotPublic",
      "public": false,
      "internal": false
    },
    {
      "label": "cloudPublic",
      "page": "cloudProductsPublic",
      "public": true,
      "internal": false
    },
    {
      "label": "_redirect",
      "link": "/cloudProducts/dobson"
    }
  ],
  "public": true,
  "internal": false
}
