{
  "$schema": "/frontend/page-schema.json",
  "title": "Elysian",
  "template": "page",
  "class": "blue-theme elysian threeCards",
  "selector": {
    "label": "Select release",
    "selectedItem": "Elysian",
    "items": [
      {
        "label": "Dobson",
        "page": "../dobson"
      },
      {
        "label": "Cortina",
        "page": "../cortina"
      },
      {
        "label": "Banff",
        "page": "../banff"
      },
      {
        "label": "Aspen",
        "page": "../aspen"
      }
    ]
  },
  "items": [
    {
      "label": "Applications",
      "class": "categoryCard cardShadow",
      "env": ["prod"],
      "items": [
        {
          "label": "PolicyCenter",
          "page": "pcGwCloud/2022.05"
        },
        {
          "label": "ClaimCenter",
          "page": "ccGwCloud/2022.05"
        },
        {
          "label": "BillingCenter",
          "page": "bcGwCloud/2022.05"
        },
        {
          "label": "InsuranceNow",
          "page": "insuranceNow/2022.1"
        },
        {
          "label": "InsuranceNow",
          "page": "insuranceNow/latest"
        },
        {
          "label": "Guidewire for Salesforce",
          "page": "gwsf"
        }
      ]
    }
  ]
}
