{
  "$schema": "/frontend/page-schema.json",
  "title": "Automated redirect",
  "includeInBreadcrumbs": false,
  "class": "threeCards",
  "template": "redirect",
  "items": [
    {
      "label": "Banff",
      "page": "banff",
      "public": false,
      "internal": false
    },
    {
      "label": "_redirect",
      "link": "/apiReferences/dobson"
    }
  ],
  "public": false,
  "internal": false
}
