{
  "$schema": "/frontend/page-schema.json",
  "title": "API References",
  "template": "page",
  "class": "blue-theme cortina threeCards",
  "selector": {
    "label": "Select release",
    "selectedItem": "Cortina",
    "items": [
      {
        "label": "Dobson",
        "page": "../dobson",
        "public": true,
        "internal": false
      },
      {
        "label": "Banff",
        "page": "../banff",
        "public": false,
        "internal": false
      }
    ]
  },
  "items": [
    {
      "label": "InsuranceNow API Reference",
      "class": "productFamily cardShadow",
      "id": "in20211apiref",
      "public": true,
      "internal": false
    },
    {
      "label": "ClaimCenter API Reference",
      "class": "productFamily cardShadow",
      "id": "cc202104apiref",
      "public": true,
      "internal": false
    },
    {
      "label": "PolicyCenter API Reference",
      "class": "productFamily cardShadow",
      "id": "pc202104apiref",
      "public": true,
      "internal": false
    }
  ],
  "public": true,
  "internal": false
}
