{
  "$schema": "/frontend/page-schema.json",
  "title": "Self-managed",
  "template": "page.j2",
  "class": "threeCards",
  "items": [
    {
      "label": "Core",
      "class": "categoryCard cardShadow",
      "items": [
        {
          "label": "BillingCenter",
          "id": "bc1011"
        },
        {
          "label": "ClaimCenter",
          "id": "cc1011"
        },
        {
          "label": "PolicyCenter",
          "id": "pc1011"
        },
        {
          "label": "InsuranceSuite Configuration Upgrade Tools",
          "id": "isconfigupgradetools310"
        }
      ]
    },
    {
      "label": "Analytics",
      "class": "categoryCard cardShadow",
      "items": [
        {
          "label": "Add-ons",
          "class": "group",
          "items": [
            {
              "label": "DataHub",
              "page": "dataHub/10.5.0",
              "env": [
                "dev",
                "staging"
              ]
            },
            {
              "label": "DataHub",
              "id": "dh1040"
            },
            {
              "label": "InfoCenter",
              "page": "infoCenter/10.5.0",
              "env": [
                "dev",
                "staging"
              ]
            },
            {
              "label": "InfoCenter",
              "id": "ic1040"
            }
          ]
        }
      ]
    },
    {
      "label": "Digital",
      "class": "categoryCard cardShadow",
      "items": [
        {
          "label": "CustomerEngage Account Management",
          "id": "dxceam1130"
        },
        {
          "label": "CustomerEngage Account Management for ClaimCenter",
          "id": "dxceclaims1130"
        },
        {
          "label": "CustomerEngage Quote and Buy",
          "id": "dxceqb1130"
        },
        {
          "label": "Jutro Design System",
          "page": "../jutro/4.1.1",
          "env": [
            "dev",
            "staging",
            "prod",
            "int"
          ]
        },
        {
          "label": "ProducerEngage",
          "id": "dxpe1130"
        },
        {
          "label": "ProducerEngage for ClaimCenter",
          "id": "dxpeclaims1130"
        },
        {
          "label": "ServiceRepEngage",
          "id": "dxsre1130"
        },
        {
          "label": "VendorEngage",
          "id": "dxve1130"
        },
        {
          "label": "Guidewire for Salesforce Data Integrations",
          "id": "dxdionprem320"
        },
        {
          "label": "Guidewire for Salesforce Data Integrations for Claims",
          "id": "dxdiconprem310"
        },
        {
          "label": "Guidewire for Salesforce Digital Gateway",
          "id": "dxedonprem320"
        },
        {
          "label": "Guidewire for Salesforce Digital Gateway for Claims",
          "id": "dxedconprem310"
        },
        {
          "label": "Guidewire for Salesforce View on Demand",
          "id": "dxvodonprem320"
        },
        {
          "label": "Guidewire for Salesforce View on Demand for Claims",
          "id": "dxvodconprem310"
        }
      ]
    }
  ]
}
