{
  "$schema": "/frontend/page-schema.json",
  "title": "InsuranceNow 2021.2",
  "template": "page.j2",
  "class": "twoColumns",
  "items": [
    {
      "label": "Release Notes",
      "class": "subject releaseNotes",
      "items": [
        {
          "label": "Release Video",
          "link": "https://www.brainshark.com/guidewire/vu?pi=zIPzgjRufzM6iUz0"
        },
        {
          "label": "Consumer Service Portal Release Notes",
          "id": "in20212csprn"
        }
      ]
    },
    {
      "label": "Features and functionality",
      "class": "subject featuresAndFunctionality",
      "items": [
        {
          "label": "Application Guide",
          "id": "in20212app"
        }
      ]
    },
    {
      "label": "Configuration",
      "class": "subject configuration",
      "items": [
        {
          "label": "Core Configuration Guide",
          "id": "in20212config"
        }
      ]
    }
  ]
}
