{
  "$schema": "/frontend/page-schema.json",
  "title": "Elysian",
  "template": "page",
  "class": "blue-theme elysian threeCards",
  "selector": {
    "label": "Select release",
    "selectedItem": "Elysian",
    "items": [
      {
        "label": "Dobson",
        "page": "../dobson"
      }
    ]
  },
  "items": [
    {
      "label": "Data and Analytics",
      "class": "categoryCard cardShadow",
      "items": [
        {
          "label": "Guidewire Live",
          "class": "group",
          "items": [
            {
              "label": "Assess",
              "page": "assess"
            },
            {
              "label": "Canvas",
              "id": "canvas"
            }
          ]
        }
      ]
    }
  ]
}
