{
  "$schema": "./config-schema.json",
  "docs": [
    {
      "id": "selfmanagedbcupgradetools1450",
      "title": "BillingCenter Upgrade Guide",
      "url": "self-managed/bc/upgrade/1450",
      "displayOnLandingPages": false,
      "metadata": {
        "platform": ["Self-managed"],
        "product": ["BillingCenter"],
        "version": ["9.0.11"]
      },
      "environments": ["dev", "staging", "prod"],
      "indexForSearch": true,
      "public": false
    },
    {
      "id": "selfmanagedccupgradetools1450",
      "title": "ClaimCenter Upgrade Guide",
      "url": "self-managed/cc/upgrade/1450",
      "displayOnLandingPages": false,
      "metadata": {
        "platform": ["Self-managed"],
        "product": ["ClaimCenter"],
        "version": ["9.0.11"]
      },
      "environments": ["dev", "staging", "prod"],
      "indexForSearch": true,
      "public": false
    },
    {
      "id": "selfmanagedpcupgradetools1450",
      "title": "PolicyCenter Upgrade Guide",
      "url": "self-managed/pc/upgrade/1450",
      "displayOnLandingPages": false,
      "metadata": {
        "platform": ["Self-managed"],
        "product": ["PolicyCenter"],
        "version": ["9.0.11"]
      },
      "environments": ["dev", "staging", "prod"],
      "indexForSearch": true,
      "public": false
    }
  ]
}
