{
  "$schema": "/frontend/page-schema.json",
  "title": "ServiceRepEngage 2021.04",
  "template": "page.j2",
  "class": "twoColumns",
  "items": [
    {
      "label": "Release Notes",
      "class": "subject releaseNotes",
      "items": [
        {
          "label": "Release Notes",
          "id": "dx202104srerelnotes",
          "doc_url": "/cloud/dx/sre/202104/relnotes",
          "public": false
        }
      ]
    },
    {
      "label": "Installation",
      "class": "subject installation",
      "items": [
        {
          "label": "Installation Guide",
          "id": "dx202104sreinstall",
          "doc_url": "/cloud/dx/sre/202104/install",
          "public": false
        }
      ]
    },
    {
      "label": "Features and functionality",
      "class": "subject featuresAndFunctionality",
      "items": [
        {
          "label": "Application Guide",
          "id": "dx202104sreapp",
          "doc_url": "/cloud/dx/sre/202104/app",
          "public": false
        }
      ]
    },
    {
      "label": "Development",
      "class": "subject development",
      "items": [
        {
          "label": "Developer's Guide",
          "id": "dx202104sredev",
          "doc_url": "/cloud/dx/sre/202104/dev",
          "public": false
        },
        {
          "label": "Digital Services Reference Guides",
          "id": "dx202104srerefguides",
          "doc_url": "/cloud/dx/sre/202104/ref",
          "public": false
        },
        {
          "label": "Digital Frontend API Documentation",
          "id": "dxjsdocs202104",
          "doc_url": "/dx/js-docs/202104",
          "public": false
        }
      ]
    }
  ],
  "search_filters": {
    "platform": ["Cloud"],
    "product": [
      "CustomerEngage Account Management",
      "CustomerEngage Account Management for ClaimCenter",
      "CustomerEngage Quote and Buy",
      "Manually configured product 1",
      "Manually configured product 2",
      "ProducerEngage",
      "ProducerEngage for ClaimCenter",
      "ServiceRepEngage",
      "VendorEngage"
    ],
    "version": ["2021.04", "2222.22"]
  },
  "current_page": {
    "label": "ServiceRepEngage 2021.04",
    "path": "2021.04"
  },
  "breadcrumbs": [
    {
      "label": "Cortina",
      "path": "/cloudProducts/cortina"
    },
    {
      "label": "PolicyCenter Cloud",
      "path": "/cloudProducts/cortina/policyCenterCloud"
    }
  ]
}
