{
  "$schema": "../../../page-schema.json",
  "title": "API References",
  "template": "page",
  "class": "blue-theme dobson threeCards",
  "selector": {
    "label": "Select release",
    "selectedItem": "Dobson",
    "items": [
      {
        "label": "Cortina",
        "page": "../cortina",
        "public": true,
        "internal": false
      },
      {
        "label": "Banff",
        "page": "../banff",
        "public": false,
        "internal": false
      }
    ]
  },
  "items": [
    {
      "label": "InsuranceNow API Reference",
      "class": "productFamily cardShadow",
      "id": "in20212apiref",
      "public": true,
      "internal": false
    },
    {
      "label": "ClaimCenter API Reference",
      "class": "productFamily cardShadow",
      "id": "ccapirefdobson",
      "public": true,
      "internal": false
    },
    {
      "label": "PolicyCenter API Reference",
      "class": "productFamily cardShadow",
      "id": "pcapirefdobson",
      "public": true,
      "internal": false
    },
    {
      "label": "APD API Reference",
      "class": "productFamily cardShadow",
      "id": "apdmaindoc",
      "env": ["int"],
      "public": false,
      "internal": false
    }
  ],
  "public": true,
  "internal": false
}
