{
  "$schema": "./config-schema.json",
  "docs": [
    {
      "id": "cloudccupgradeguide202005",
      "title": "ClaimCenter Upgrade Guide",
      "url": "cloud/cc/upgrade/202005",
      "displayOnLandingPages": false,
      "metadata": {
        "platform": ["Cloud"],
        "product": ["ClaimCenter"],
        "version": ["2020.05"],
        "release": ["Aspen"]
      },
      "environments": ["dev", "staging", "prod"],
      "indexForSearch": true,
      "public": false,
      "internal": false
    },
    {
      "id": "selfmanagedccupgradeguide1010",
      "title": "ClaimCenter Upgrade Guide",
      "url": "self-managed/cc/upgrade/1010",
      "displayOnLandingPages": false,
      "metadata": {
        "platform": ["Self-managed"],
        "product": ["ClaimCenter"],
        "version": ["10.1.0"]
      },
      "environments": ["dev", "staging", "prod"],
      "indexForSearch": true,
      "public": false,
      "internal": false
    },
    {
      "id": "selfmanagedccupgradeguide1011",
      "title": "ClaimCenter Upgrade Guide",
      "url": "self-managed/cc/upgrade/1011",
      "displayOnLandingPages": false,
      "metadata": {
        "platform": ["Self-managed"],
        "product": ["ClaimCenter"],
        "version": ["10.1.1"]
      },
      "environments": ["dev", "staging", "prod"],
      "indexForSearch": true,
      "public": false,
      "internal": false
    },
    {
      "id": "selfmanagedccupgradeguide1012",
      "title": "ClaimCenter Upgrade Guide",
      "url": "self-managed/cc/upgrade/1012",
      "displayOnLandingPages": false,
      "metadata": {
        "platform": ["Self-managed"],
        "product": ["ClaimCenter"],
        "version": ["10.1.2"]
      },
      "environments": ["dev", "staging", "prod"],
      "indexForSearch": true,
      "public": false,
      "internal": false
    },
    {
      "id": "selfmanagedccupgradeguide10x",
      "title": "ClaimCenter Upgrade Guide",
      "url": "self-managed/cc/upgrade/10x",
      "displayOnLandingPages": false,
      "metadata": {
        "product": ["ClaimCenter"],
        "platform": ["Self-managed"],
        "version": ["10.x"]
      },
      "environments": ["int"],
      "indexForSearch": true,
      "public": false,
      "internal": false
    },
    {
      "id": "selfmanagedccupgradetools1450",
      "title": "ClaimCenter Upgrade Guide",
      "url": "self-managed/cc/upgrade/1450",
      "displayOnLandingPages": false,
      "metadata": {
        "platform": ["Self-managed"],
        "product": ["ClaimCenter"],
        "version": ["9.0.10"]
      },
      "environments": ["dev", "staging", "prod"],
      "indexForSearch": true,
      "public": false,
      "internal": false
    },
    {
      "id": "selfmanagedccupgradetools1x",
      "title": "ClaimCenter Upgrade Guide",
      "url": "self-managed/cc/upgrade/1x",
      "displayOnLandingPages": false,
      "metadata": {
        "product": ["ClaimCenter"],
        "platform": ["Self-managed"],
        "version": ["9.x"]
      },
      "environments": ["int"],
      "indexForSearch": true,
      "public": false,
      "internal": false
    },
    {
      "id": "selfmanagedccupgradetoolspiteqdgk",
      "title": "ClaimCenter Upgrade Guide",
      "url": "self-managed/cc/upgrade/230",
      "displayOnLandingPages": false,
      "metadata": {
        "platform": ["Self-managed"],
        "product": ["ClaimCenter"],
        "version": ["10.0.3"]
      },
      "environments": ["dev", "staging", "prod"],
      "indexForSearch": true,
      "public": false,
      "internal": false
    },
    {
      "id": "selfmanagedccupgradetoolsqwertyui",
      "title": "ClaimCenter Upgrade Guide",
      "url": "self-managed/cc/upgrade/1440",
      "displayOnLandingPages": false,
      "metadata": {
        "platform": ["Self-managed"],
        "product": ["ClaimCenter"],
        "version": ["9.0.9"]
      },
      "environments": ["dev", "staging", "prod"],
      "indexForSearch": true,
      "public": false,
      "internal": false
    }
  ]
}
