{
  "$schema": "./config-schema.json",
  "docs": [
    {
      "id": "cloudpcupgradeguide202005",
      "title": "PolicyCenter Upgrade Guide",
      "url": "cloud/pc/upgrade/202005",
      "displayOnLandingPages": false,
      "metadata": {
        "platform": ["Cloud"],
        "product": ["PolicyCenter"],
        "version": ["2020.05"],
        "release": ["Aspen"]
      },
      "environments": ["dev", "staging", "prod"],
      "indexForSearch": true,
      "public": false,
      "internal": false
    },
    {
      "id": "selfmanagedpcupgradeguide1010",
      "title": "PolicyCenter Upgrade Guide",
      "url": "self-managed/pc/upgrade/1010",
      "displayOnLandingPages": false,
      "metadata": {
        "platform": ["Self-managed"],
        "product": ["PolicyCenter"],
        "version": ["10.1.0"]
      },
      "environments": ["dev", "staging", "prod"],
      "indexForSearch": true,
      "public": false,
      "internal": false
    },
    {
      "id": "selfmanagedpcupgradeguide1011",
      "title": "PolicyCenter Upgrade Guide",
      "url": "self-managed/pc/upgrade/1011",
      "displayOnLandingPages": false,
      "metadata": {
        "platform": ["Self-managed"],
        "product": ["PolicyCenter"],
        "version": ["10.1.1"]
      },
      "environments": ["dev", "staging", "prod"],
      "indexForSearch": true,
      "public": false,
      "internal": false
    },
    {
      "id": "selfmanagedpcupgradeguide1012",
      "title": "PolicyCenter Upgrade Guide",
      "url": "self-managed/pc/upgrade/1012",
      "displayOnLandingPages": false,
      "metadata": {
        "platform": ["Self-managed"],
        "product": ["PolicyCenter"],
        "version": ["10.1.2"]
      },
      "environments": ["dev", "staging", "prod"],
      "indexForSearch": true,
      "public": false,
      "internal": false
    },
    {
      "id": "selfmanagedpcupgradeguide10x",
      "title": "PolicyCenter Upgrade Guide",
      "url": "self-managed/pc/upgrade/10x",
      "displayOnLandingPages": false,
      "metadata": {
        "product": ["PolicyCenter"],
        "platform": ["Self-managed"],
        "version": ["10.x"]
      },
      "environments": ["int"],
      "indexForSearch": true,
      "public": false,
      "internal": false
    },
    {
      "id": "selfmanagedpcupgradetools1450",
      "title": "PolicyCenter Upgrade Guide",
      "url": "self-managed/pc/upgrade/1450",
      "displayOnLandingPages": false,
      "metadata": {
        "platform": ["Self-managed"],
        "product": ["PolicyCenter"],
        "version": ["9.0.10"]
      },
      "environments": ["dev", "staging", "prod"],
      "indexForSearch": true,
      "public": false,
      "internal": false
    },
    {
      "id": "selfmanagedpcupgradetools1x",
      "title": "PolicyCenter Upgrade Guide",
      "url": "self-managed/pc/upgrade/1x",
      "displayOnLandingPages": false,
      "metadata": {
        "product": ["PolicyCenter"],
        "platform": ["Self-managed"],
        "version": ["9.x"]
      },
      "environments": ["int"],
      "indexForSearch": true,
      "public": false,
      "internal": false
    },
    {
      "id": "selfmanagedpcupgradetoolspiteqdgk",
      "title": "PolicyCenter Upgrade Guide",
      "url": "self-managed/pc/upgrade/230",
      "displayOnLandingPages": false,
      "metadata": {
        "platform": ["Self-managed"],
        "product": ["PolicyCenter"],
        "version": ["10.0.3"]
      },
      "environments": ["dev", "staging", "prod"],
      "indexForSearch": true,
      "public": false,
      "internal": false
    },
    {
      "id": "selfmanagedpcupgradetoolsqwertyui",
      "title": "PolicyCenter Upgrade Guide",
      "url": "self-managed/pc/upgrade/1440",
      "displayOnLandingPages": false,
      "metadata": {
        "platform": ["Self-managed"],
        "product": ["PolicyCenter"],
        "version": ["9.0.9"]
      },
      "environments": ["dev", "staging", "prod"],
      "indexForSearch": true,
      "public": false,
      "internal": false
    }
  ]
}
