{
  "$schema": "/frontend/page-schema.json",
  "title": "Dobson",
  "template": "page",
  "class": "blue-theme dobson threeCards",
  "selector": {
    "label": "Select release",
    "selectedItem": "Dobson",
    "items": [
      {
        "label": "Elysian",
        "page": "../elysian"
      }
    ]
  },
  "items": [
    {
      "label": "Data and Analytics",
      "class": "categoryCard cardShadow",
      "items": [
        {
          "label": "Cloud Data Access",
          "page": "../cloudDataAccess/latest"
        },
        {
          "label": "Guidewire Live",
          "class": "group",
          "items": [
            {
              "label": "Assess",
              "page": "assess"
            },
            {
              "label": "Canvas",
              "id": "canvas"
            },
            {
              "label": "Compare",
              "id": "comparelatest"
            },
            {
              "label": "Explore",
              "page": "../explore/latest"
            },
            {
              "label": "Predict",
              "id": "livepredictlatest"
            }
          ]
        }
      ]
    }
  ]
}
